Thu Feb  6 13:08:10 MST 2020
Hello from compute005.
Run a matlab script

                            < M A T L A B (R) >
                  Copyright 1984-2017 The MathWorks, Inc.
                   R2017a (9.2.0.556344) 64-bit (glnxa64)
                               March 27, 2017

 
To get started, type one of these: helpwin, helpdesk, or demo.
For product information, visit www.mathworks.com.
 
slurmstepd: *** JOB 1246581 ON compute005 CANCELLED AT 2020-02-06T13:23:31 DUE TO TIME LIMIT ***
