Thu Feb  6 12:21:19 MST 2020
Hello from compute007.
Run a matlab script

                            < M A T L A B (R) >
                  Copyright 1984-2017 The MathWorks, Inc.
                   R2017a (9.2.0.556344) 64-bit (glnxa64)
                               March 27, 2017

 
To get started, type one of these: helpwin, helpdesk, or demo.
For product information, visit www.mathworks.com.
 
slurmstepd: *** JOB 1246577 ON compute007 CANCELLED AT 2020-02-06T12:36:30 DUE TO TIME LIMIT ***
